---
source: tui/src/bottom_pane/chat_composer.rs
expression: terminal.backend()
---
"                                                                                                    "
"› ##plan                                                                                            "
"                                                                                                    "
"                                                                                                    "
"                                                                                                    "
"  Planning Overview  repo context · .codex/context/overview.md · plan · Ship the context browser fi…"
"  planning sync      thread · thread/thread-1 · cwd=/tmp/repo · updated_at=1741422760  [Thread]     "
"                                                                                                    "
"  Press enter to insert or esc to close                                                             "
