---
source: tui/src/chatwidget/tests.rs
expression: terminal.backend()
---
"                                                                                                    "
"                                                                                                    "
"  Shared Threads                                                                                    "
"  Search shared work and inspect it read-only                                                       "
"                                                                                                    "
"  Search by thread id, owner, preview, or git metadata                                              "
"› thread-2  owner=owner@example.com · second preview · shared_at=2026-03-06T12:05:00Z               "
"                                                                                                    "
"  Enter inspect · Esc close                                                                         "
"                                                                                                    "
"                                                                                                    "
"                                                                                                    "
"                                                                                                    "
"                                                                                                    "
"                                                                                                    "
"                                                                                                    "
