---
source: tui/src/chatwidget/tests.rs
expression: terminal.backend()
---
"                                                                                                                        "
"                                                                                                                        "
"  Context                                                                                                               "
"  Scope: [Global graph]                                                                                                 "
"                                                                                                                        "
"  Filter local scope                                                                                                    "
"› No active thread context  Start or resume a thread to browse local artifacts.                                         "
"                                                                                                                        "
"  enter select | h handoff | esc close                                                                                  "
"                                                                                                                        "
"                                                                                                                        "
"                                                                                                                        "
"                                                                                                                        "
"                                                                                                                        "
"                                                                                                                        "
"                                                                                                                        "
"                                                                                                                        "
"                                                                                                                        "
"                                                                                                                        "
"                                                                                                                        "
"                                                                                                                        "
"                                                                                                                        "
"                                                                                                                        "
"                                                                                                                        "
