---
source: tui/src/chatwidget/tests.rs
expression: terminal.backend()
---
"                                                                                                                        "
"                                                                                                                        "
"  Context                                                                                                               "
"  Scope: [Local thread] [Global graph]                                                                                  "
"                                                                                                                        "
"  Filter local artifacts                                                                                                "
"› [ ] f88f811a lobster-worker Capture branch state  insight · lobster-worker · insight/plan-1 · thread insight · reta…  "
"                                                                                                                        "
"  enter select | t scope | h handoff | esc close                                                                        "
"                                                                                                                        "
"                                                                                                                        "
"                                                                                                                        "
"                                                                                                                        "
"                                                                                                                        "
"                                                                                                                        "
"                                                                                                                        "
"                                                                                                                        "
"                                                                                                                        "
"                                                                                                                        "
"                                                                                                                        "
"                                                                                                                        "
"                                                                                                                        "
"                                                                                                                        "
"                                                                                                                        "
