---
source: tui/src/chatwidget/tests.rs
expression: terminal.backend()
---
"                                                                                                                        "
"                                                                                                                        "
"  Handoff                                                                       Handoff Targets                         "
"  Goal: Continue the handoff with the key UI nodes.                               Self                                  "
"                                                                                  self · weisintai@local · session 111  "
"  Filter anchored context                                                       › Lobster Worker                        "
"  › ◯ [file] Changed tui/src/chatwidget.rs                                        agent · research · lobster-worker@lo  "
"    ◯ [insight] Simplify /context selection flow  handoff                                                               "
"                                                                                                                        "
"  Target: Lobster Worker · agent · research · Participant · session 22222222                                            "
"  enter toggle | tab switch view | h handoff | esc close                                   ◯ thread  ⏣ repo  * hotspot  "
"                                                                                                                        "
"                                                                                                                        "
"                                                                                                                        "
"                                                                                                                        "
"                                                                                                                        "
"                                                                                                                        "
"                                                                                                                        "
"                                                                                                                        "
"                                                                                                                        "
"                                                                                                                        "
"                                                                                                                        "
"                                                                                                                        "
"                                                                                                                        "
