---
source: tui/src/chatwidget/tests.rs
expression: terminal.backend()
---
"                                                                                                                        "
"                                                                                                                        "
"  Context                                                                                                               "
"  Scope: [Local thread] [Global graph]                                                                                  "
"                                                                                                                        "
"  Filter local artifacts                                                                                                "
"› No local context in this thread  Local scope only shows context from this thread. Press t for the global graph.       "
"                                                                                                                        "
"  enter select | t scope | h handoff | esc close                                                                        "
"                                                                                                                        "
"                                                                                                                        "
"                                                                                                                        "
"                                                                                                                        "
"                                                                                                                        "
"                                                                                                                        "
"                                                                                                                        "
"                                                                                                                        "
"                                                                                                                        "
"                                                                                                                        "
"                                                                                                                        "
"                                                                                                                        "
"                                                                                                                        "
"                                                                                                                        "
"                                                                                                                        "
