---
source: tui/src/chatwidget/tests.rs
expression: terminal.backend()
---
"                                                                                                                        "
"                                                                                                                        "
"  Context                                                                                                               "
"  Global graph                                                                                                          "
"                                                                                                                        "
"  Filter context graph                                                                                                  "
"›   019cf3a8 lobster-worker ◯ Current Thread                                                                            "
"    f88f811a lobster-worker ├─◯ Capture branch state                                                                    "
"    e2103444 note           └─◯ Summarize this branch in one sentence.                                                  "
"                                                                                                                        "
"  Attach: enter | Mark: space | Toggle Scope: T | Handoff: H | Write: W | Close: esc                                    "
"                                                                                                                        "
"                                                                                                                        "
"                                                                                                                        "
"                                                                                                                        "
"                                                                                                                        "
"                                                                                                                        "
"                                                                                                                        "
"                                                                                                                        "
"                                                                                                                        "
"                                                                                                                        "
"                                                                                                                        "
"                                                                                                                        "
"                                                                                                                        "
