---
source: tui/src/chatwidget/tests.rs
expression: terminal.backend()
---
"                                                                                                                        "
"                                                                                                                        "
"  Context                                                                                                               "
"  Scope: [Local thread] [Global graph]                                                                                  "
"                                                                                                                        "
"  Filter mounted context                                                                                                "
"› [ ] 37d47ce5 tui/src/chatwidget.rs             here · change · tui/src/chatwidget.rs · linked file · updated in thr…  "
"  [ ] c30273c5 Simplify /context selection flow  handoff · plan · thread 019cf3a8 · insight/plan-1 · thread insight ·…  "
"  [ ] 78685ea6 Handoff selection flow            repo · playbook · .codex/context/playbooks/handoff-select… · playboo…  "
"                                                                                                                        "
"  enter select | t scope | h handoff | esc close                                                                        "
"                                                                                                                        "
"                                                                                                                        "
"                                                                                                                        "
"                                                                                                                        "
"                                                                                                                        "
"                                                                                                                        "
"                                                                                                                        "
"                                                                                                                        "
"                                                                                                                        "
"                                                                                                                        "
"                                                                                                                        "
"                                                                                                                        "
"                                                                                                                        "
