---
source: tui/src/chatwidget/tests.rs
expression: terminal.backend()
---
"                                                                                                                        "
"                                                                                                                        "
"  Context                                                                                                               "
"                                                                                                                        "
"  Filter anchored context                                                                                               "
"›       ◯ [insight] Search results in chatwidget.rs                                                                     "
"      ╰─  ◯ [file] Changed tui/src/chatwidget.rs                                                                        "
"        ◯ [insight] Simplify /context selection flow      handoff                                                       "
"      ╰─  ⏣ [rules] Handoff selection flow                                                                              "
"        ◯ [insight] Search: promotion scoring heuristics  from thread 019cf3a8                                          "
"                                                                                                                        "
"  ◯ thread  ⏣ repo  * hotspot | esc close                                                                               "
"                                                                                                                        "
"                                                                                                                        "
"                                                                                                                        "
"                                                                                                                        "
"                                                                                                                        "
"                                                                                                                        "
"                                                                                                                        "
"                                                                                                                        "
"                                                                                                                        "
"                                                                                                                        "
"                                                                                                                        "
"                                                                                                                        "
