---
source: tui/src/chatwidget/tests.rs
expression: terminal.backend()
---
"                                                                                                                        "
"                                                                                                                        "
"  Handoff                                                                       Handoff Targets                         "
"  Goal: Continue the handoff with the key UI nodes.                               Self                                  "
"                                                                                  self · weisintai@local · session 111  "
"  Filter anchored context                                                       › Lobster Worker                        "
"›       [ ] [file] Changed tui/src/chatwidget.rs                                  agent · research · lobster-worker@lo  "
"        [x] [insight] Simplify /context selection fl… handoff                                                           "
"                                                                                                                        "
"  ◯ thread  ⏣ repo  * hotspot | enter toggle | t target | h handoff | esc close                                         "
"  Target: Lobster Worker · agent · research · Participant · session 22222222                                            "
"                                                                                                                        "
"                                                                                                                        "
"                                                                                                                        "
"                                                                                                                        "
"                                                                                                                        "
"                                                                                                                        "
"                                                                                                                        "
"                                                                                                                        "
"                                                                                                                        "
"                                                                                                                        "
"                                                                                                                        "
"                                                                                                                        "
"                                                                                                                        "
