---
source: tui/src/chatwidget/tests.rs
expression: terminal.backend()
---
"                                                                                                                        "
"                                                                                                                        "
"  Context                                                                                                               "
"  Scope: [Local thread] [Global graph]                                                                                  "
"                                                                                                                        "
"  Filter rooted graph                                                                                                   "
"› [ ] Changed tui/src/chatwidget.rs         here · change                                                               "
"  [ ] Simplify /context selection flow      handoff · plan                                                              "
"  [ ] Search: promotion scoring heuristics  search · from thread 019cf3a8                                               "
"  [ ] Handoff selection flow                repo · playbook                                                             "
"                                                                                                                        "
"  enter select | t scope | h handoff | esc close                                                                        "
"                                                                                                                        "
"                                                                                                                        "
"                                                                                                                        "
"                                                                                                                        "
"                                                                                                                        "
"                                                                                                                        "
"                                                                                                                        "
"                                                                                                                        "
"                                                                                                                        "
"                                                                                                                        "
"                                                                                                                        "
"                                                                                                                        "
