---
source: tui/src/chatwidget/tests.rs
expression: terminal.backend()
---
"                                                                                                                        "
"                                                                                                                        "
"  Context                                                                                                               "
"  Local thread                                                                                                          "
"                                                                                                                        "
"  Filter context graph                                                                                                  "
"›   f88f811a insight ◯ Capture branch state                                                                             "
"                                                                                                                        "
"  Attach: enter | Mark: space | Toggle Scope: T | Handoff: H | Write: W | Close: esc                                    "
"                                                                                                                        "
"                                                                                                                        "
"                                                                                                                        "
"                                                                                                                        "
"                                                                                                                        "
"                                                                                                                        "
"                                                                                                                        "
"                                                                                                                        "
"                                                                                                                        "
"                                                                                                                        "
"                                                                                                                        "
"                                                                                                                        "
"                                                                                                                        "
"                                                                                                                        "
"                                                                                                                        "
